["resourceType", "id", "meta", "meta.versionId", "meta.lastUpdated", "meta.source", "meta.tag", "meta.tag.system", "meta.tag.code", "text", "text.status", "text.div", "extension", "extension.url", "extension.extension", "extension.extension.url", "extension.extension.valueCoding", "extension.extension.valueCoding.system", "extension.extension.valueCoding.code", "extension.extension.valueCoding.display", "extension.extension.url", "extension.extension.valueString", "extension.url", "extension.extension", "extension.extension.url", "extension.extension.valueCoding", "extension.extension.valueCoding.system", "extension.extension.valueCoding.code", "extension.extension.valueCoding.display", "extension.extension.url", "extension.extension.valueString", "extension.url", "extension.valueString", "extension.url", "extension.valueCode", "extension.url", "extension.valueAddress", "extension.valueAddress.city", "extension.valueAddress.state", "extension.valueAddress.country", "extension.url", "extension.valueDecimal", "extension.url", "extension.valueDecimal", "identifier", "identifier.system", "identifier.value", "identifier.type", "identifier.type.coding", "identifier.type.coding.system", "identifier.type.coding.code", "identifier.type.coding.display", "identifier.type.text", "identifier.system", "identifier.value", "identifier.type", "identifier.type.coding", "identifier.type.coding.system", "identifier.type.coding.code", "identifier.type.coding.display", "identifier.type.text", "identifier.system", "identifier.value", "identifier.type", "identifier.type.coding", "identifier.type.coding.system", "identifier.type.coding.code", "identifier.type.coding.display", "identifier.type.text", "identifier.system", "identifier.value", "identifier.type", "identifier.type.coding", "identifier.type.coding.system", "identifier.type.coding.code", "identifier.type.coding.display", "identifier.type.text", "identifier.system", "identifier.value", "name", "name.use", "name.family", "name.given", "name.prefix", "name.use", "name.family", "name.given", "name.prefix", "telecom", "telecom.system", "telecom.value", "telecom.use", "gender", "birthDate", "address", "address.extension", "address.extension.url", "address.extension.extension", "address.extension.extension.url", "address.extension.extension.valueDecimal", "address.extension.extension.url", "address.extension.extension.valueDecimal", "address.line", "address.city", "address.state", "address.postalCode", "address.country", "maritalStatus", "maritalStatus.coding", "maritalStatus.coding.system", "maritalStatus.coding.code", "maritalStatus.coding.display", "maritalStatus.text", "multipleBirthBoolean", "communication", "communication.language", "communication.language.coding", "communication.language.coding.system", "communication.language.coding.code", "communication.language.coding.display", "communication.language.text"]

